2026-07-24 05:13:44,186 | INFO | ============================================================
2026-07-24 05:13:44,186 | INFO | Processing 1/28
2026-07-24 05:13:44,186 | INFO | Current File : DOC102405.pdf
2026-07-24 05:13:44,186 | INFO | ============================================================
2026-07-24 05:13:44,186 | INFO | Skipped DOC102405.pdf
2026-07-24 05:13:44,186 | INFO | ============================================================
2026-07-24 05:13:44,186 | INFO | Processing 2/28
2026-07-24 05:13:44,186 | INFO | Current File : DOC107425.pdf
2026-07-24 05:13:44,186 | INFO | ============================================================
2026-07-24 05:13:44,186 | INFO | Skipped DOC107425.pdf
2026-07-24 05:13:44,186 | INFO | ============================================================
2026-07-24 05:13:44,186 | INFO | Processing 3/28
2026-07-24 05:13:44,189 | INFO | Current File : DOC107440.pdf
2026-07-24 05:13:44,189 | INFO | ============================================================
2026-07-24 05:13:44,191 | INFO | Skipped DOC107440.pdf
2026-07-24 05:13:44,192 | INFO | ============================================================
2026-07-24 05:13:44,192 | INFO | Processing 4/28
2026-07-24 05:13:44,195 | INFO | Current File : DOC107528.pdf
2026-07-24 05:13:44,195 | INFO | ============================================================
2026-07-24 05:13:44,195 | INFO | Skipped DOC107528.pdf
2026-07-24 05:13:44,195 | INFO | ============================================================
2026-07-24 05:13:44,195 | INFO | Processing 5/28
2026-07-24 05:13:44,195 | INFO | Current File : DOC32033.pdf
2026-07-24 05:13:44,195 | INFO | ============================================================
2026-07-24 05:13:44,195 | INFO | Skipped DOC32033.pdf
2026-07-24 05:13:44,195 | INFO | ============================================================
2026-07-24 05:13:44,195 | INFO | Processing 6/28
2026-07-24 05:13:44,195 | INFO | Current File : DOC43488.pdf
2026-07-24 05:13:44,195 | INFO | ============================================================
2026-07-24 05:13:44,195 | INFO | Skipped DOC43488.pdf
2026-07-24 05:13:44,200 | INFO | ============================================================
2026-07-24 05:13:44,200 | INFO | Processing 7/28
2026-07-24 05:13:44,200 | INFO | Current File : DOC53481.pdf
2026-07-24 05:13:44,200 | INFO | ============================================================
2026-07-24 05:13:44,200 | INFO | Skipped DOC53481.pdf
2026-07-24 05:13:44,200 | INFO | ============================================================
2026-07-24 05:13:44,200 | INFO | Processing 8/28
2026-07-24 05:13:44,203 | INFO | Current File : DOC62403.pdf
2026-07-24 05:13:44,203 | INFO | ============================================================
2026-07-24 05:13:44,205 | INFO | Skipped DOC62403.pdf
2026-07-24 05:13:44,207 | INFO | ============================================================
2026-07-24 05:13:44,207 | INFO | Processing 9/28
2026-07-24 05:13:44,207 | INFO | Current File : DOC63548.pdf
2026-07-24 05:13:44,207 | INFO | ============================================================
2026-07-24 05:13:44,207 | INFO | Skipped DOC63548.pdf
2026-07-24 05:13:44,208 | INFO | ============================================================
2026-07-24 05:13:44,208 | INFO | Processing 10/28
2026-07-24 05:13:44,208 | INFO | Current File : DOC65045.pdf
2026-07-24 05:13:44,208 | INFO | ============================================================
2026-07-24 05:13:44,208 | INFO | Skipped DOC65045.pdf
2026-07-24 05:13:44,208 | INFO | ============================================================
2026-07-24 05:13:44,208 | INFO | Processing 11/28
2026-07-24 05:13:44,208 | INFO | Current File : DOC65082.pdf
2026-07-24 05:13:44,208 | INFO | ============================================================
2026-07-24 05:13:44,213 | INFO | Skipped DOC65082.pdf
2026-07-24 05:13:44,213 | INFO | ============================================================
2026-07-24 05:13:44,213 | INFO | Processing 12/28
2026-07-24 05:13:44,213 | INFO | Current File : DOC65121.pdf
2026-07-24 05:13:44,213 | INFO | ============================================================
2026-07-24 05:13:44,213 | INFO | Skipped DOC65121.pdf
2026-07-24 05:13:44,213 | INFO | ============================================================
2026-07-24 05:13:44,213 | INFO | Processing 13/28
2026-07-24 05:13:44,213 | INFO | Current File : DOC65142.pdf
2026-07-24 05:13:44,213 | INFO | ============================================================
2026-07-24 05:13:44,213 | INFO | Skipped DOC65142.pdf
2026-07-24 05:13:44,213 | INFO | ============================================================
2026-07-24 05:13:44,213 | INFO | Processing 14/28
2026-07-24 05:13:44,213 | INFO | Current File : DOC65171.pdf
2026-07-24 05:13:44,217 | INFO | ============================================================
2026-07-24 05:13:44,217 | INFO | Skipped DOC65171.pdf
2026-07-24 05:13:44,217 | INFO | ============================================================
2026-07-24 05:13:44,219 | INFO | Processing 15/28
2026-07-24 05:13:44,219 | INFO | Current File : DOC65177.pdf
2026-07-24 05:13:44,219 | INFO | ============================================================
2026-07-24 05:13:44,221 | INFO | Skipped DOC65177.pdf
2026-07-24 05:13:44,223 | INFO | ============================================================
2026-07-24 05:13:44,223 | INFO | Processing 16/28
2026-07-24 05:13:44,224 | INFO | Current File : DOC65188.pdf
2026-07-24 05:13:44,224 | INFO | ============================================================
2026-07-24 05:13:44,225 | INFO | Skipped DOC65188.pdf
2026-07-24 05:13:44,226 | INFO | ============================================================
2026-07-24 05:13:44,226 | INFO | Processing 17/28
2026-07-24 05:13:44,226 | INFO | Current File : DOC66041.pdf
2026-07-24 05:13:44,226 | INFO | ============================================================
2026-07-24 05:13:44,227 | INFO | Skipped DOC66041.pdf
2026-07-24 05:13:44,227 | INFO | ============================================================
2026-07-24 05:13:44,227 | INFO | Processing 18/28
2026-07-24 05:13:44,227 | INFO | Current File : DOC66042.pdf
2026-07-24 05:13:44,227 | INFO | ============================================================
2026-07-24 05:13:44,227 | INFO | Skipped DOC66042.pdf
2026-07-24 05:13:44,227 | INFO | ============================================================
2026-07-24 05:13:44,231 | INFO | Processing 19/28
2026-07-24 05:13:44,231 | INFO | Current File : DOC66043.pdf
2026-07-24 05:13:44,231 | INFO | ============================================================
2026-07-24 05:13:44,231 | INFO | Skipped DOC66043.pdf
2026-07-24 05:13:44,231 | INFO | ============================================================
2026-07-24 05:13:44,231 | INFO | Processing 20/28
2026-07-24 05:13:44,231 | INFO | Current File : DOC66044.pdf
2026-07-24 05:13:44,231 | INFO | ============================================================
2026-07-24 05:13:44,233 | INFO | Skipped DOC66044.pdf
2026-07-24 05:13:44,234 | INFO | ============================================================
2026-07-24 05:13:44,234 | INFO | Processing 21/28
2026-07-24 05:13:44,235 | INFO | Current File : DOC66045.pdf
2026-07-24 05:13:44,235 | INFO | ============================================================
2026-07-24 05:13:44,235 | INFO | Skipped DOC66045.pdf
2026-07-24 05:13:44,238 | INFO | ============================================================
2026-07-24 05:13:44,238 | INFO | Processing 22/28
2026-07-24 05:13:44,238 | INFO | Current File : DOC66746.pdf
2026-07-24 05:13:44,238 | INFO | ============================================================
2026-07-24 05:13:44,238 | INFO | Skipped DOC66746.pdf
2026-07-24 05:13:44,238 | INFO | ============================================================
2026-07-24 05:13:44,240 | INFO | Processing 23/28
2026-07-24 05:13:44,240 | INFO | Current File : DOC68683.pdf
2026-07-24 05:13:44,240 | INFO | ============================================================
2026-07-24 05:13:44,241 | INFO | Skipped DOC68683.pdf
2026-07-24 05:13:44,242 | INFO | ============================================================
2026-07-24 05:13:44,242 | INFO | Processing 24/28
2026-07-24 05:13:44,242 | INFO | Current File : DOC74421.pdf
2026-07-24 05:13:44,242 | INFO | ============================================================
2026-07-24 05:13:44,242 | INFO | Skipped DOC74421.pdf
2026-07-24 05:13:44,242 | INFO | ============================================================
2026-07-24 05:13:44,242 | INFO | Processing 25/28
2026-07-24 05:13:44,242 | INFO | Current File : DOC74512.pdf
2026-07-24 05:13:44,242 | INFO | ============================================================
2026-07-24 05:13:44,242 | INFO | Skipped DOC74512.pdf
2026-07-24 05:13:44,242 | INFO | ============================================================
2026-07-24 05:13:44,242 | INFO | Processing 26/28
2026-07-24 05:13:44,242 | INFO | Current File : DOC77209.pdf
2026-07-24 05:13:44,242 | INFO | ============================================================
2026-07-24 05:13:44,242 | INFO | Skipped DOC77209.pdf
2026-07-24 05:13:44,242 | INFO | ============================================================
2026-07-24 05:13:44,248 | INFO | Processing 27/28
2026-07-24 05:13:44,248 | INFO | Current File : DOC83564.pdf
2026-07-24 05:13:44,248 | INFO | ============================================================
2026-07-24 05:13:44,249 | INFO | Skipped DOC83564.pdf
2026-07-24 05:13:44,251 | INFO | ============================================================
2026-07-24 05:13:44,251 | INFO | Processing 28/28
2026-07-24 05:13:44,252 | INFO | Current File : DOC83707.pdf
2026-07-24 05:13:44,252 | INFO | ============================================================
2026-07-24 05:13:44,252 | INFO | Skipped DOC83707.pdf
2026-07-24 05:13:46,536 | INFO | ============================================================
2026-07-24 05:13:46,537 | INFO | Pipeline Finished Successfully
2026-07-24 05:13:46,537 | INFO | Documents Processed : 28
2026-07-24 05:13:46,537 | INFO | Failed Documents    : 0
2026-07-24 05:13:46,537 | INFO | Groups Created      : 28
2026-07-24 05:13:46,537 | INFO | ============================================================
